Archive member included to satisfy reference by file (symbol)

/home/hanes/ISO-I/gcc-arm-none-eabi/bin/../lib/gcc/arm-none-eabi/10.3.1/../../../../arm-none-eabi/lib/thumb/v7e-m+fp/hard/libc_nano.a(lib_a-exit.o)
                              /home/hanes/ISO-I/gcc-arm-none-eabi/bin/../lib/gcc/arm-none-eabi/10.3.1/../../../../arm-none-eabi/lib/thumb/v7e-m+fp/hard/crt0.o (exit)
/home/hanes/ISO-I/gcc-arm-none-eabi/bin/../lib/gcc/arm-none-eabi/10.3.1/../../../../arm-none-eabi/lib/thumb/v7e-m+fp/hard/libc_nano.a(lib_a-impure.o)
                              /home/hanes/ISO-I/gcc-arm-none-eabi/bin/../lib/gcc/arm-none-eabi/10.3.1/../../../../arm-none-eabi/lib/thumb/v7e-m+fp/hard/libc_nano.a(lib_a-exit.o) (_global_impure_ptr)
/home/hanes/ISO-I/gcc-arm-none-eabi/bin/../lib/gcc/arm-none-eabi/10.3.1/../../../../arm-none-eabi/lib/thumb/v7e-m+fp/hard/libc_nano.a(lib_a-init.o)
                              /home/hanes/ISO-I/gcc-arm-none-eabi/bin/../lib/gcc/arm-none-eabi/10.3.1/../../../../arm-none-eabi/lib/thumb/v7e-m+fp/hard/crt0.o (__libc_init_array)
/home/hanes/ISO-I/gcc-arm-none-eabi/bin/../lib/gcc/arm-none-eabi/10.3.1/../../../../arm-none-eabi/lib/thumb/v7e-m+fp/hard/libc_nano.a(lib_a-memset.o)
                              /home/hanes/ISO-I/gcc-arm-none-eabi/bin/../lib/gcc/arm-none-eabi/10.3.1/../../../../arm-none-eabi/lib/thumb/v7e-m+fp/hard/crt0.o (memset)
/home/hanes/ISO-I/gcc-arm-none-eabi/bin/../lib/gcc/arm-none-eabi/10.3.1/thumb/v7e-m+fp/hard/libgcc.a(_aeabi_uldivmod.o)
                              CMakeFiles/RTOS.dir/Drivers/STM32F4xx_HAL_Driver/Src/stm32f4xx_hal_rcc.c.obj (__aeabi_uldivmod)
/home/hanes/ISO-I/gcc-arm-none-eabi/bin/../lib/gcc/arm-none-eabi/10.3.1/thumb/v7e-m+fp/hard/libgcc.a(_udivmoddi4.o)
                              /home/hanes/ISO-I/gcc-arm-none-eabi/bin/../lib/gcc/arm-none-eabi/10.3.1/thumb/v7e-m+fp/hard/libgcc.a(_aeabi_uldivmod.o) (__udivmoddi4)
/home/hanes/ISO-I/gcc-arm-none-eabi/bin/../lib/gcc/arm-none-eabi/10.3.1/thumb/v7e-m+fp/hard/libgcc.a(_dvmd_tls.o)
                              /home/hanes/ISO-I/gcc-arm-none-eabi/bin/../lib/gcc/arm-none-eabi/10.3.1/thumb/v7e-m+fp/hard/libgcc.a(_aeabi_uldivmod.o) (__aeabi_ldiv0)
/home/hanes/ISO-I/gcc-arm-none-eabi/bin/../lib/gcc/arm-none-eabi/10.3.1/../../../../arm-none-eabi/lib/thumb/v7e-m+fp/hard/libg_nano.a(lib_a-errno.o)
                              CMakeFiles/RTOS.dir/Core/Src/syscalls.c.obj (__errno)

Discarded input sections

 .text          0x0000000000000000        0x0 /home/hanes/ISO-I/gcc-arm-none-eabi/bin/../lib/gcc/arm-none-eabi/10.3.1/thumb/v7e-m+fp/hard/crti.o
 .data          0x0000000000000000        0x0 /home/hanes/ISO-I/gcc-arm-none-eabi/bin/../lib/gcc/arm-none-eabi/10.3.1/thumb/v7e-m+fp/hard/crti.o
 .bss           0x0000000000000000        0x0 /home/hanes/ISO-I/gcc-arm-none-eabi/bin/../lib/gcc/arm-none-eabi/10.3.1/thumb/v7e-m+fp/hard/crti.o
 .data          0x0000000000000000        0x4 /home/hanes/ISO-I/gcc-arm-none-eabi/bin/../lib/gcc/arm-none-eabi/10.3.1/thumb/v7e-m+fp/hard/crtbegin.o
 .rodata        0x0000000000000000       0x24 /home/hanes/ISO-I/gcc-arm-none-eabi/bin/../lib/gcc/arm-none-eabi/10.3.1/thumb/v7e-m+fp/hard/crtbegin.o
 .text          0x0000000000000000       0x7c /home/hanes/ISO-I/gcc-arm-none-eabi/bin/../lib/gcc/arm-none-eabi/10.3.1/../../../../arm-none-eabi/lib/thumb/v7e-m+fp/hard/crt0.o
 .data          0x0000000000000000        0x0 /home/hanes/ISO-I/gcc-arm-none-eabi/bin/../lib/gcc/arm-none-eabi/10.3.1/../../../../arm-none-eabi/lib/thumb/v7e-m+fp/hard/crt0.o
 .bss           0x0000000000000000        0x0 /home/hanes/ISO-I/gcc-arm-none-eabi/bin/../lib/gcc/arm-none-eabi/10.3.1/../../../../arm-none-eabi/lib/thumb/v7e-m+fp/hard/crt0.o
 .ARM.extab     0x0000000000000000        0x0 /home/hanes/ISO-I/gcc-arm-none-eabi/bin/../lib/gcc/arm-none-eabi/10.3.1/../../../../arm-none-eabi/lib/thumb/v7e-m+fp/hard/crt0.o
 .ARM.exidx     0x0000000000000000       0x10 /home/hanes/ISO-I/gcc-arm-none-eabi/bin/../lib/gcc/arm-none-eabi/10.3.1/../../../../arm-none-eabi/lib/thumb/v7e-m+fp/hard/crt0.o
 .ARM.attributes
                0x0000000000000000       0x1c /home/hanes/ISO-I/gcc-arm-none-eabi/bin/../lib/gcc/arm-none-eabi/10.3.1/../../../../arm-none-eabi/lib/thumb/v7e-m+fp/hard/crt0.o
 .text          0x0000000000000000        0x0 /home/hanes/ISO-I/gcc-arm-none-eabi/bin/../lib/gcc/arm-none-eabi/10.3.1/../../../../arm-none-eabi/lib/thumb/v7e-m+fp/hard/libc_nano.a(lib_a-exit.o)
 .data          0x0000000000000000        0x0 /home/hanes/ISO-I/gcc-arm-none-eabi/bin/../lib/gcc/arm-none-eabi/10.3.1/../../../../arm-none-eabi/lib/thumb/v7e-m+fp/hard/libc_nano.a(lib_a-exit.o)
 .bss           0x0000000000000000        0x0 /home/hanes/ISO-I/gcc-arm-none-eabi/bin/../lib/gcc/arm-none-eabi/10.3.1/../../../../arm-none-eabi/lib/thumb/v7e-m+fp/hard/libc_nano.a(lib_a-exit.o)
[...]
Memory Configuration

Name             Origin             Length             Attributes
CCMRAM           0x0000000010000000 0x0000000000010000 xrw
RAM              0x0000000020000000 0x0000000000030000 xrw
FLASH            0x0000000008000000 0x0000000000200000 xr
*default*        0x0000000000000000 0xffffffffffffffff

Linker script and memory map

LOAD /home/hanes/ISO-I/gcc-arm-none-eabi/bin/../lib/gcc/arm-none-eabi/10.3.1/thumb/v7e-m+fp/hard/crti.o
LOAD /home/hanes/ISO-I/gcc-arm-none-eabi/bin/../lib/gcc/arm-none-eabi/10.3.1/thumb/v7e-m+fp/hard/crtbegin.o
LOAD /home/hanes/ISO-I/gcc-arm-none-eabi/bin/../lib/gcc/arm-none-eabi/10.3.1/../../../../arm-none-eabi/lib/thumb/v7e-m+fp/hard/crt0.o
START GROUP
LOAD /home/hanes/ISO-I/gcc-arm-none-eabi/bin/../lib/gcc/arm-none-eabi/10.3.1/../../../../arm-none-eabi/lib/thumb/v7e-m+fp/hard/libc_nano.a
LOAD /home/hanes/ISO-I/gcc-arm-none-eabi/bin/../lib/gcc/arm-none-eabi/10.3.1/../../../../arm-none-eabi/lib/thumb/v7e-m+fp/hard/libm.a
LOAD /home/hanes/ISO-I/gcc-arm-none-eabi/bin/../lib/gcc/arm-none-eabi/10.3.1/../../../../arm-none-eabi/lib/thumb/v7e-m+fp/hard/libstdc++_nano.a
LOAD /home/hanes/ISO-I/gcc-arm-none-eabi/bin/../lib/gcc/arm-none-eabi/10.3.1/../../../../arm-none-eabi/lib/thumb/v7e-m+fp/hard/libsupc++_nano.a
END GROUP
LOAD CMakeFiles/RTOS.dir/Drivers/STM32F4xx_HAL_Driver/Src/stm32f4xx_hal.c.obj
LOAD CMakeFiles/RTOS.dir/Drivers/STM32F4xx_HAL_Driver/Src/stm32f4xx_hal_cortex.c.obj
LOAD CMakeFiles/RTOS.dir/Drivers/STM32F4xx_HAL_Driver/Src/stm32f4xx_hal_dma.c.obj
LOAD CMakeFiles/RTOS.dir/Drivers/STM32F4xx_HAL_Driver/Src/stm32f4xx_hal_dma_ex.c.obj
LOAD CMakeFiles/RTOS.dir/Drivers/STM32F4xx_HAL_Driver/Src/stm32f4xx_hal_eth.c.obj
LOAD CMakeFiles/RTOS.dir/Drivers/STM32F4xx_HAL_Driver/Src/stm32f4xx_hal_exti.c.obj
LOAD CMakeFiles/RTOS.dir/Drivers/STM32F4xx_HAL_Driver/Src/stm32f4xx_hal_flash.c.obj
LOAD CMakeFiles/RTOS.dir/Drivers/STM32F4xx_HAL_Driver/Src/stm32f4xx_hal_flash_ex.c.obj
LOAD CMakeFiles/RTOS.dir/Drivers/STM32F4xx_HAL_Driver/Src/stm32f4xx_hal_flash_ramfunc.c.obj
LOAD CMakeFiles/RTOS.dir/Drivers/STM32F4xx_HAL_Driver/Src/stm32f4xx_hal_gpio.c.obj
LOAD CMakeFiles/RTOS.dir/Drivers/STM32F4xx_HAL_Driver/Src/stm32f4xx_hal_pcd.c.obj
LOAD CMakeFiles/RTOS.dir/Drivers/STM32F4xx_HAL_Driver/Src/stm32f4xx_hal_pcd_ex.c.obj
LOAD CMakeFiles/RTOS.dir/Drivers/STM32F4xx_HAL_Driver/Src/stm32f4xx_hal_pwr.c.obj
LOAD CMakeFiles/RTOS.dir/Drivers/STM32F4xx_HAL_Driver/Src/stm32f4xx_hal_pwr_ex.c.obj
LOAD CMakeFiles/RTOS.dir/Drivers/STM32F4xx_HAL_Driver/Src/stm32f4xx_hal_rcc.c.obj
LOAD CMakeFiles/RTOS.dir/Drivers/STM32F4xx_HAL_Driver/Src/stm32f4xx_hal_rcc_ex.c.obj
LOAD CMakeFiles/RTOS.dir/Drivers/STM32F4xx_HAL_Driver/Src/stm32f4xx_hal_tim.c.obj
LOAD CMakeFiles/RTOS.dir/Drivers/STM32F4xx_HAL_Driver/Src/stm32f4xx_hal_tim_ex.c.obj
LOAD CMakeFiles/RTOS.dir/Drivers/STM32F4xx_HAL_Driver/Src/stm32f4xx_hal_uart.c.obj
LOAD CMakeFiles/RTOS.dir/Drivers/STM32F4xx_HAL_Driver/Src/stm32f4xx_ll_usb.c.obj
LOAD CMakeFiles/RTOS.dir/Core/Src/eth.c.obj
LOAD CMakeFiles/RTOS.dir/Core/Src/gpio.c.obj
LOAD CMakeFiles/RTOS.dir/Core/Src/main.c.obj
LOAD CMakeFiles/RTOS.dir/Core/Src/stm32f4xx_hal_msp.c.obj
LOAD CMakeFiles/RTOS.dir/Core/Src/stm32f4xx_it.c.obj
LOAD CMakeFiles/RTOS.dir/Core/Src/syscalls.c.obj
LOAD CMakeFiles/RTOS.dir/Core/Src/sysmem.c.obj
LOAD CMakeFiles/RTOS.dir/Core/Src/system_stm32f4xx.c.obj
LOAD CMakeFiles/RTOS.dir/Core/Src/usart.c.obj
LOAD CMakeFiles/RTOS.dir/Core/Src/usb_otg.c.obj
LOAD CMakeFiles/RTOS.dir/Core/Startup/startup_stm32f429zitx.s.obj
START GROUP
LOAD /home/hanes/ISO-I/gcc-arm-none-eabi/bin/../lib/gcc/arm-none-eabi/10.3.1/thumb/v7e-m+fp/hard/libgcc.a
LOAD /home/hanes/ISO-I/gcc-arm-none-eabi/bin/../lib/gcc/arm-none-eabi/10.3.1/../../../../arm-none-eabi/lib/thumb/v7e-m+fp/hard/libg_nano.a
LOAD /home/hanes/ISO-I/gcc-arm-none-eabi/bin/../lib/gcc/arm-none-eabi/10.3.1/../../../../arm-none-eabi/lib/thumb/v7e-m+fp/hard/libc_nano.a
END GROUP
START GROUP
LOAD /home/hanes/ISO-I/gcc-arm-none-eabi/bin/../lib/gcc/arm-none-eabi/10.3.1/thumb/v7e-m+fp/hard/libgcc.a
LOAD /home/hanes/ISO-I/gcc-arm-none-eabi/bin/../lib/gcc/arm-none-eabi/10.3.1/../../../../arm-none-eabi/lib/thumb/v7e-m+fp/hard/libc_nano.a
LOAD /home/hanes/ISO-I/gcc-arm-none-eabi/bin/../lib/gcc/arm-none-eabi/10.3.1/../../../../arm-none-eabi/lib/thumb/v7e-m+fp/hard/libnosys.a
END GROUP
START GROUP
LOAD /home/hanes/ISO-I/gcc-arm-none-eabi/bin/../lib/gcc/arm-none-eabi/10.3.1/thumb/v7e-m+fp/hard/libgcc.a
LOAD /home/hanes/ISO-I/gcc-arm-none-eabi/bin/../lib/gcc/arm-none-eabi/10.3.1/../../../../arm-none-eabi/lib/thumb/v7e-m+fp/hard/libc_nano.a
LOAD /home/hanes/ISO-I/gcc-arm-none-eabi/bin/../lib/gcc/arm-none-eabi/10.3.1/../../../../arm-none-eabi/lib/thumb/v7e-m+fp/hard/libnosys.a
END GROUP
LOAD /home/hanes/ISO-I/gcc-arm-none-eabi/bin/../lib/gcc/arm-none-eabi/10.3.1/thumb/v7e-m+fp/hard/crtend.o
LOAD /home/hanes/ISO-I/gcc-arm-none-eabi/bin/../lib/gcc/arm-none-eabi/10.3.1/thumb/v7e-m+fp/hard/crtn.o
                0x0000000020030000                _estack = (ORIGIN (RAM) + LENGTH (RAM))
                0x0000000000000200                _Min_Heap_Size = 0x200
                0x0000000000000400                _Min_Stack_Size = 0x400

.isr_vector     0x0000000008000000      0x1ac
                0x0000000008000000                . = ALIGN (0x4)
 *(.isr_vector)
 .isr_vector    0x0000000008000000      0x1ac CMakeFiles/RTOS.dir/Core/Startup/startup_stm32f429zitx.s.obj
                0x0000000008000000                g_pfnVectors
                0x00000000080001ac                . = ALIGN (0x4)

.text           0x00000000080001ac     0x2f0c
                0x00000000080001ac                . = ALIGN (0x4)
 *(.text)
 .text          0x00000000080001ac       0x40 /home/hanes/ISO-I/gcc-arm-none-eabi/bin/../lib/gcc/arm-none-eabi/10.3.1/thumb/v7e-m+fp/hard/crtbegin.o
 .text          0x00000000080001ec       0x30 /home/hanes/ISO-I/gcc-arm-none-eabi/bin/../lib/gcc/arm-none-eabi/10.3.1/thumb/v7e-m+fp/hard/libgcc.a(_aeabi_uldivmod.o)
                0x00000000080001ec                __aeabi_uldivmod
 .text          0x000000000800021c      0x2d0 /home/hanes/ISO-I/gcc-arm-none-eabi/bin/../lib/gcc/arm-none-eabi/10.3.1/thumb/v7e-m+fp/hard/libgcc.a(_udivmoddi4.o)
                0x000000000800021c                __udivmoddi4
 .text          0x00000000080004ec        0x4 /home/hanes/ISO-I/gcc-arm-none-eabi/bin/../lib/gcc/arm-none-eabi/10.3.1/thumb/v7e-m+fp/hard/libgcc.a(_dvmd_tls.o)
                0x00000000080004ec                __aeabi_ldiv0
                0x00000000080004ec                __aeabi_idiv0
 *(.text*)
 .text.__libc_init_array
                0x00000000080004f0       0x48 /home/hanes/ISO-I/gcc-arm-none-eabi/bin/../lib/gcc/arm-none-eabi/10.3.1/../../../../arm-none-eabi/lib/thumb/v7e-m+fp/hard/libc_nano.a(lib_a-init.o)
                0x00000000080004f0                __libc_init_array
 .text.memset   0x0000000008000538       0x10 /home/hanes/ISO-I/gcc-arm-none-eabi/bin/../lib/gcc/arm-none-eabi/10.3.1/../../../../arm-none-eabi/lib/thumb/v7e-m+fp/hard/libc_nano.a(lib_a-memset.o)
                0x0000000008000538                memset
 .text.HAL_Init
                0x0000000008000548       0x44 CMakeFiles/RTOS.dir/Drivers/STM32F4xx_HAL_Driver/Src/stm32f4xx_hal.c.obj
                0x0000000008000548                HAL_Init
 .text.HAL_InitTick
                0x000000000800058c       0x60 CMakeFiles/RTOS.dir/Drivers/STM32F4xx_HAL_Driver/Src/stm32f4xx_hal.c.obj
                0x000000000800058c                HAL_InitTick
 .text.HAL_IncTick
                0x00000000080005ec       0x28 CMakeFiles/RTOS.dir/Drivers/STM32F4xx_HAL_Driver/Src/stm32f4xx_hal.c.obj
                0x00000000080005ec                HAL_IncTick
 .text.HAL_GetTick
                0x0000000008000614       0x18 CMakeFiles/RTOS.dir/Drivers/STM32F4xx_HAL_Driver/Src/stm32f4xx_hal.c.obj
                0x0000000008000614                HAL_GetTick
 .text.HAL_Delay
                0x000000000800062c       0x48 CMakeFiles/RTOS.dir/Drivers/STM32F4xx_HAL_Driver/Src/stm32f4xx_hal.c.obj
                0x000000000800062c                HAL_Delay
 .text.__NVIC_SetPriorityGrouping
                0x0000000008000674       0x48 CMakeFiles/RTOS.dir/Drivers/STM32F4xx_HAL_Driver/Src/stm32f4xx_hal_cortex.c.obj
 .text.__NVIC_GetPriorityGrouping
                0x00000000080006bc       0x1c CMakeFiles/RTOS.dir/Drivers/STM32F4xx_HAL_Driver/Src/stm32f4xx_hal_cortex.c.obj
 .text.__NVIC_SetPriority
                0x00000000080006d8       0x54 CMakeFiles/RTOS.dir/Drivers/STM32F4xx_HAL_Driver/Src/stm32f4xx_hal_cortex.c.obj
 .text.NVIC_EncodePriority
                0x000000000800072c       0x66 CMakeFiles/RTOS.dir/Drivers/STM32F4xx_HAL_Driver/Src/stm32f4xx_hal_cortex.c.obj
 *fill*         0x0000000008000792        0x2 
 .text.SysTick_Config
                0x0000000008000794       0x44 CMakeFiles/RTOS.dir/Drivers/STM32F4xx_HAL_Driver/Src/stm32f4xx_hal_cortex.c.obj
 .text.HAL_NVIC_SetPriorityGrouping
                0x00000000080007d8       0x16 CMakeFiles/RTOS.dir/Drivers/STM32F4xx_HAL_Driver/Src/stm32f4xx_hal_cortex.c.obj
                0x00000000080007d8                HAL_NVIC_SetPriorityGrouping
 .text.HAL_NVIC_SetPriority
                0x00000000080007ee       0x38 CMakeFiles/RTOS.dir/Drivers/STM32F4xx_HAL_Driver/Src/stm32f4xx_hal_cortex.c.obj
                0x00000000080007ee                HAL_NVIC_SetPriority
 .text.HAL_SYSTICK_Config
                0x0000000008000826       0x18 CMakeFiles/RTOS.dir/Drivers/STM32F4xx_HAL_Driver/Src/stm32f4xx_hal_cortex.c.obj
                0x0000000008000826                HAL_SYSTICK_Config
 *fill*         0x000000000800083e        0x2 
 .text.HAL_ETH_Init
                0x0000000008000840       0xfc CMakeFiles/RTOS.dir/Drivers/STM32F4xx_HAL_Driver/Src/stm32f4xx_hal_eth.c.obj
                0x0000000008000840                HAL_ETH_Init
 .text.ETH_SetMACConfig
                0x000000000800093c      0x160 CMakeFiles/RTOS.dir/Drivers/STM32F4xx_HAL_Driver/Src/stm32f4xx_hal_eth.c.obj
 .text.ETH_SetDMAConfig
                0x0000000008000a9c      0x114 CMakeFiles/RTOS.dir/Drivers/STM32F4xx_HAL_Driver/Src/stm32f4xx_hal_eth.c.obj
 .text.ETH_MACDMAConfig
                0x0000000008000bb0       0xe4 CMakeFiles/RTOS.dir/Drivers/STM32F4xx_HAL_Driver/Src/stm32f4xx_hal_eth.c.obj
 .text.ETH_MACAddressConfig
                0x0000000008000c94       0x70 CMakeFiles/RTOS.dir/Drivers/STM32F4xx_HAL_Driver/Src/stm32f4xx_hal_eth.c.obj
 .text.ETH_DMATxDescListInit
                0x0000000008000d04       0xb2 CMakeFiles/RTOS.dir/Drivers/STM32F4xx_HAL_Driver/Src/stm32f4xx_hal_eth.c.obj
 .text.ETH_DMARxDescListInit
                0x0000000008000db6       0xda CMakeFiles/RTOS.dir/Drivers/STM32F4xx_HAL_Driver/Src/stm32f4xx_hal_eth.c.obj
 .text.HAL_GPIO_Init
                0x0000000008000e90      0x358 CMakeFiles/RTOS.dir/Drivers/STM32F4xx_HAL_Driver/Src/stm32f4xx_hal_gpio.c.obj
                0x0000000008000e90                HAL_GPIO_Init
 .text.HAL_GPIO_WritePin
                0x00000000080011e8       0x32 CMakeFiles/RTOS.dir/Drivers/STM32F4xx_HAL_Driver/Src/stm32f4xx_hal_gpio.c.obj
                0x00000000080011e8                HAL_GPIO_WritePin
 .text.HAL_PCD_Init
                0x000000000800121a      0x23a CMakeFiles/RTOS.dir/Drivers/STM32F4xx_HAL_Driver/Src/stm32f4xx_hal_pcd.c.obj
                0x000000000800121a                HAL_PCD_Init
 .text.HAL_RCC_OscConfig
                0x0000000008001454      0x4f0 CMakeFiles/RTOS.dir/Drivers/STM32F4xx_HAL_Driver/Src/stm32f4xx_hal_rcc.c.obj
                0x0000000008001454                HAL_RCC_OscConfig
 .text.HAL_RCC_ClockConfig
                0x0000000008001944      0x1cc CMakeFiles/RTOS.dir/Drivers/STM32F4xx_HAL_Driver/Src/stm32f4xx_hal_rcc.c.obj
                0x0000000008001944                HAL_RCC_ClockConfig
 .text.HAL_RCC_GetSysClockFreq
                0x0000000008001b10      0x20c CMakeFiles/RTOS.dir/Drivers/STM32F4xx_HAL_Driver/Src/stm32f4xx_hal_rcc.c.obj
                0x0000000008001b10                HAL_RCC_GetSysClockFreq
 .text.HAL_RCC_GetHCLKFreq
                0x0000000008001d1c       0x18 CMakeFiles/RTOS.dir/Drivers/STM32F4xx_HAL_Driver/Src/stm32f4xx_hal_rcc.c.obj
                0x0000000008001d1c                HAL_RCC_GetHCLKFreq
 .text.HAL_RCC_GetPCLK1Freq
                0x0000000008001d34       0x28 CMakeFiles/RTOS.dir/Drivers/STM32F4xx_HAL_Driver/Src/stm32f4xx_hal_rcc.c.obj
                0x0000000008001d34                HAL_RCC_GetPCLK1Freq
 .text.HAL_RCC_GetPCLK2Freq
                0x0000000008001d5c       0x28 CMakeFiles/RTOS.dir/Drivers/STM32F4xx_HAL_Driver/Src/stm32f4xx_hal_rcc.c.obj
                0x0000000008001d5c                HAL_RCC_GetPCLK2Freq
 .text.HAL_UART_Init
                0x0000000008001d84       0x9a CMakeFiles/RTOS.dir/Drivers/STM32F4xx_HAL_Driver/Src/stm32f4xx_hal_uart.c.obj
                0x0000000008001d84                HAL_UART_Init
 *fill*         0x0000000008001e1e        0x2 
 .text.UART_SetConfig
                0x0000000008001e20      0x4e8 CMakeFiles/RTOS.dir/Drivers/STM32F4xx_HAL_Driver/Src/stm32f4xx_hal_uart.c.obj
 .text.USB_CoreInit
                0x0000000008002308       0xc2 CMakeFiles/RTOS.dir/Drivers/STM32F4xx_HAL_Driver/Src/stm32f4xx_ll_usb.c.obj
                0x0000000008002308                USB_CoreInit
 .text.USB_DisableGlobalInt
                0x00000000080023ca       0x22 CMakeFiles/RTOS.dir/Drivers/STM32F4xx_HAL_Driver/Src/stm32f4xx_ll_usb.c.obj
                0x00000000080023ca                USB_DisableGlobalInt
 .text.USB_SetCurrentMode
                0x00000000080023ec       0x98 CMakeFiles/RTOS.dir/Drivers/STM32F4xx_HAL_Driver/Src/stm32f4xx_ll_usb.c.obj
                0x00000000080023ec                USB_SetCurrentMode
 .text.USB_DevInit
                0x0000000008002484      0x2c8 CMakeFiles/RTOS.dir/Drivers/STM32F4xx_HAL_Driver/Src/stm32f4xx_ll_usb.c.obj
                0x0000000008002484                USB_DevInit
 .text.USB_FlushTxFifo
                0x000000000800274c       0x68 CMakeFiles/RTOS.dir/Drivers/STM32F4xx_HAL_Driver/Src/stm32f4xx_ll_usb.c.obj
                0x000000000800274c                USB_FlushTxFifo
 .text.USB_FlushRxFifo
                0x00000000080027b4       0x60 CMakeFiles/RTOS.dir/Drivers/STM32F4xx_HAL_Driver/Src/stm32f4xx_ll_usb.c.obj
                0x00000000080027b4                USB_FlushRxFifo
 .text.USB_SetDevSpeed
                0x0000000008002814       0x32 CMakeFiles/RTOS.dir/Drivers/STM32F4xx_HAL_Driver/Src/stm32f4xx_ll_usb.c.obj
                0x0000000008002814                USB_SetDevSpeed
 .text.USB_DevDisconnect
                0x0000000008002846       0x42 CMakeFiles/RTOS.dir/Drivers/STM32F4xx_HAL_Driver/Src/stm32f4xx_ll_usb.c.obj
                0x0000000008002846                USB_DevDisconnect
 .text.USB_GetMode
                0x0000000008002888       0x1c CMakeFiles/RTOS.dir/Drivers/STM32F4xx_HAL_Driver/Src/stm32f4xx_ll_usb.c.obj
                0x0000000008002888                USB_GetMode
 .text.USB_CoreReset
                0x00000000080028a4       0x68 CMakeFiles/RTOS.dir/Drivers/STM32F4xx_HAL_Driver/Src/stm32f4xx_ll_usb.c.obj
 .text.MX_ETH_Init
                0x000000000800290c       0x9c CMakeFiles/RTOS.dir/Core/Src/eth.c.obj
                0x000000000800290c                MX_ETH_Init
 .text.HAL_ETH_MspInit
                0x00000000080029a8      0x18c CMakeFiles/RTOS.dir/Core/Src/eth.c.obj
                0x00000000080029a8                HAL_ETH_MspInit
 .text.MX_GPIO_Init
                0x0000000008002b34      0x15c CMakeFiles/RTOS.dir/Core/Src/gpio.c.obj
                0x0000000008002b34                MX_GPIO_Init
 .text.main     0x0000000008002c90       0x1e CMakeFiles/RTOS.dir/Core/Src/main.c.obj
                0x0000000008002c90                main
 *fill*         0x0000000008002cae        0x2 
 .text.SystemClock_Config
                0x0000000008002cb0       0xd4 CMakeFiles/RTOS.dir/Core/Src/main.c.obj
                0x0000000008002cb0                SystemClock_Config
 .text.Error_Handler
                0x0000000008002d84        0xa CMakeFiles/RTOS.dir/Core/Src/main.c.obj
                0x0000000008002d84                Error_Handler
 *fill*         0x0000000008002d8e        0x2 
 .text.HAL_MspInit
                0x0000000008002d90       0x50 CMakeFiles/RTOS.dir/Core/Src/stm32f4xx_hal_msp.c.obj
                0x0000000008002d90                HAL_MspInit
 .text.NMI_Handler
                0x0000000008002de0        0x6 CMakeFiles/RTOS.dir/Core/Src/stm32f4xx_it.c.obj
                0x0000000008002de0                NMI_Handler
 .text.HardFault_Handler
                0x0000000008002de6        0x6 CMakeFiles/RTOS.dir/Core/Src/stm32f4xx_it.c.obj
                0x0000000008002de6                HardFault_Handler
 .text.MemManage_Handler
                0x0000000008002dec        0x6 CMakeFiles/RTOS.dir/Core/Src/stm32f4xx_it.c.obj
                0x0000000008002dec                MemManage_Handler
 .text.BusFault_Handler
                0x0000000008002df2        0x6 CMakeFiles/RTOS.dir/Core/Src/stm32f4xx_it.c.obj
                0x0000000008002df2                BusFault_Handler
 .text.UsageFault_Handler
                0x0000000008002df8        0x6 CMakeFiles/RTOS.dir/Core/Src/stm32f4xx_it.c.obj
                0x0000000008002df8                UsageFault_Handler
 .text.SVC_Handler
                0x0000000008002dfe        0xe CMakeFiles/RTOS.dir/Core/Src/stm32f4xx_it.c.obj
                0x0000000008002dfe                SVC_Handler
 .text.DebugMon_Handler
                0x0000000008002e0c        0xe CMakeFiles/RTOS.dir/Core/Src/stm32f4xx_it.c.obj
                0x0000000008002e0c                DebugMon_Handler
 .text.PendSV_Handler
                0x0000000008002e1a        0xe CMakeFiles/RTOS.dir/Core/Src/stm32f4xx_it.c.obj
                0x0000000008002e1a                PendSV_Handler
 .text.SysTick_Handler
                0x0000000008002e28        0xc CMakeFiles/RTOS.dir/Core/Src/stm32f4xx_it.c.obj
                0x0000000008002e28                SysTick_Handler
 .text.SystemInit
                0x0000000008002e34       0x24 CMakeFiles/RTOS.dir/Core/Src/system_stm32f4xx.c.obj
                0x0000000008002e34                SystemInit
 .text.MX_USART3_UART_Init
                0x0000000008002e58       0x54 CMakeFiles/RTOS.dir/Core/Src/usart.c.obj
                0x0000000008002e58                MX_USART3_UART_Init
 .text.HAL_UART_MspInit
                0x0000000008002eac       0x90 CMakeFiles/RTOS.dir/Core/Src/usart.c.obj
                0x0000000008002eac                HAL_UART_MspInit
 .text.MX_USB_OTG_FS_PCD_Init
                0x0000000008002f3c       0x5c CMakeFiles/RTOS.dir/Core/Src/usb_otg.c.obj
                0x0000000008002f3c                MX_USB_OTG_FS_PCD_Init
 .text.HAL_PCD_MspInit
                0x0000000008002f98       0xb4 CMakeFiles/RTOS.dir/Core/Src/usb_otg.c.obj
                0x0000000008002f98                HAL_PCD_MspInit
 .text.Reset_Handler
                0x000000000800304c       0x50 CMakeFiles/RTOS.dir/Core/Startup/startup_stm32f429zitx.s.obj
                0x000000000800304c                Reset_Handler
 .text.Default_Handler
                0x000000000800309c        0x2 CMakeFiles/RTOS.dir/Core/Startup/startup_stm32f429zitx.s.obj
                0x000000000800309c                RTC_Alarm_IRQHandler
                0x000000000800309c                HASH_RNG_IRQHandler
                0x000000000800309c                EXTI2_IRQHandler
                0x000000000800309c                TIM8_CC_IRQHandler
                0x000000000800309c                UART8_IRQHandler
                0x000000000800309c                SPI4_IRQHandler
                0x000000000800309c                TIM1_CC_IRQHandler
                0x000000000800309c                DMA2_Stream5_IRQHandler
                0x000000000800309c                DMA1_Stream5_IRQHandler
                0x000000000800309c                PVD_IRQHandler
                0x000000000800309c                SDIO_IRQHandler
                0x000000000800309c                TAMP_STAMP_IRQHandler
                0x000000000800309c                CAN2_RX1_IRQHandler
                0x000000000800309c                EXTI3_IRQHandler
                0x000000000800309c                TIM8_TRG_COM_TIM14_IRQHandler
                0x000000000800309c                TIM1_UP_TIM10_IRQHandler
                0x000000000800309c                TIM8_UP_TIM13_IRQHandler
                0x000000000800309c                I2C3_ER_IRQHandler
                0x000000000800309c                EXTI0_IRQHandler
                0x000000000800309c                I2C2_EV_IRQHandler
                0x000000000800309c                DMA1_Stream2_IRQHandler
                0x000000000800309c                CAN1_RX0_IRQHandler
                0x000000000800309c                FPU_IRQHandler
                0x000000000800309c                OTG_HS_WKUP_IRQHandler
                0x000000000800309c                LTDC_ER_IRQHandler
                0x000000000800309c                CAN2_SCE_IRQHandler
                0x000000000800309c                DMA2_Stream2_IRQHandler
                0x000000000800309c                SPI1_IRQHandler
                0x000000000800309c                TIM6_DAC_IRQHandler
                0x000000000800309c                TIM1_BRK_TIM9_IRQHandler
                0x000000000800309c                DCMI_IRQHandler
                0x000000000800309c                CAN2_RX0_IRQHandler
                0x000000000800309c                DMA2_Stream3_IRQHandler
                0x000000000800309c                USART6_IRQHandler
                0x000000000800309c                USART3_IRQHandler
                0x000000000800309c                CAN1_RX1_IRQHandler
                0x000000000800309c                UART5_IRQHandler
                0x000000000800309c                DMA2_Stream0_IRQHandler
                0x000000000800309c                TIM4_IRQHandler
                0x000000000800309c                I2C1_EV_IRQHandler
                0x000000000800309c                DMA1_Stream6_IRQHandler
                0x000000000800309c                DMA1_Stream1_IRQHandler
                0x000000000800309c                UART4_IRQHandler
                0x000000000800309c                TIM3_IRQHandler
                0x000000000800309c                RCC_IRQHandler
                0x000000000800309c                TIM8_BRK_TIM12_IRQHandler
                0x000000000800309c                Default_Handler
                0x000000000800309c                EXTI15_10_IRQHandler
                0x000000000800309c                ADC_IRQHandler
                0x000000000800309c                DMA1_Stream7_IRQHandler
                0x000000000800309c                SPI5_IRQHandler
                0x000000000800309c                TIM7_IRQHandler
                0x000000000800309c                CAN2_TX_IRQHandler
                0x000000000800309c                TIM5_IRQHandler
                0x000000000800309c                DMA2_Stream7_IRQHandler
                0x000000000800309c                I2C3_EV_IRQHandler
                0x000000000800309c                EXTI9_5_IRQHandler
                0x000000000800309c                RTC_WKUP_IRQHandler
                0x000000000800309c                LTDC_IRQHandler
                0x000000000800309c                ETH_WKUP_IRQHandler
                0x000000000800309c                SPI2_IRQHandler
                0x000000000800309c                OTG_HS_EP1_IN_IRQHandler
                0x000000000800309c                DMA1_Stream0_IRQHandler
                0x000000000800309c                CAN1_TX_IRQHandler
                0x000000000800309c                EXTI4_IRQHandler
                0x000000000800309c                ETH_IRQHandler
                0x000000000800309c                OTG_HS_EP1_OUT_IRQHandler
                0x000000000800309c                WWDG_IRQHandler
                0x000000000800309c                SPI6_IRQHandler
                0x000000000800309c                TIM2_IRQHandler
                0x000000000800309c                OTG_FS_WKUP_IRQHandler
                0x000000000800309c                TIM1_TRG_COM_TIM11_IRQHandler
                0x000000000800309c                OTG_HS_IRQHandler
                0x000000000800309c                DMA2D_IRQHandler
                0x000000000800309c                EXTI1_IRQHandler
                0x000000000800309c                UART7_IRQHandler
                0x000000000800309c                USART2_IRQHandler
                0x000000000800309c                I2C2_ER_IRQHandler
                0x000000000800309c                DMA2_Stream1_IRQHandler
                0x000000000800309c                CAN1_SCE_IRQHandler
                0x000000000800309c                FLASH_IRQHandler
                0x000000000800309c                DMA2_Stream4_IRQHandler
                0x000000000800309c                USART1_IRQHandler
                0x000000000800309c                OTG_FS_IRQHandler
                0x000000000800309c                SPI3_IRQHandler
                0x000000000800309c                DMA1_Stream4_IRQHandler
                0x000000000800309c                I2C1_ER_IRQHandler
                0x000000000800309c                FMC_IRQHandler
                0x000000000800309c                DMA2_Stream6_IRQHandler
                0x000000000800309c                SAI1_IRQHandler
                0x000000000800309c                DMA1_Stream3_IRQHandler
 *(.glue_7)
 .glue_7        0x000000000800309e        0x0 linker stubs
 *(.glue_7t)
 .glue_7t       0x000000000800309e        0x0 linker stubs
 *(.eh_frame)
 *fill*         0x000000000800309e        0x2 
 .eh_frame      0x00000000080030a0        0x0 /home/hanes/ISO-I/gcc-arm-none-eabi/bin/../lib/gcc/arm-none-eabi/10.3.1/thumb/v7e-m+fp/hard/crtbegin.o
 *(.init)
 .init          0x00000000080030a0        0x4 /home/hanes/ISO-I/gcc-arm-none-eabi/bin/../lib/gcc/arm-none-eabi/10.3.1/thumb/v7e-m+fp/hard/crti.o
                0x00000000080030a0                _init
 .init          0x00000000080030a4        0x8 /home/hanes/ISO-I/gcc-arm-none-eabi/bin/../lib/gcc/arm-none-eabi/10.3.1/thumb/v7e-m+fp/hard/crtn.o
 *(.fini)
 .fini          0x00000000080030ac        0x4 /home/hanes/ISO-I/gcc-arm-none-eabi/bin/../lib/gcc/arm-none-eabi/10.3.1/thumb/v7e-m+fp/hard/crti.o
                0x00000000080030ac                _fini
 .fini          0x00000000080030b0        0x8 /home/hanes/ISO-I/gcc-arm-none-eabi/bin/../lib/gcc/arm-none-eabi/10.3.1/thumb/v7e-m+fp/hard/crtn.o
                0x00000000080030b8                . = ALIGN (0x4)
                0x00000000080030b8                _etext = .

.vfp11_veneer   0x00000000080030b8        0x0
 .vfp11_veneer  0x00000000080030b8        0x0 linker stubs

.v4_bx          0x00000000080030b8        0x0
 .v4_bx         0x00000000080030b8        0x0 linker stubs

.iplt           0x00000000080030b8        0x0
 .iplt          0x00000000080030b8        0x0 /home/hanes/ISO-I/gcc-arm-none-eabi/bin/../lib/gcc/arm-none-eabi/10.3.1/thumb/v7e-m+fp/hard/crtbegin.o

.rodata         0x00000000080030b8       0x18
                0x00000000080030b8                . = ALIGN (0x4)
 *(.rodata)
 *(.rodata*)
 .rodata.AHBPrescTable
                0x00000000080030b8       0x10 CMakeFiles/RTOS.dir/Core/Src/system_stm32f4xx.c.obj
                0x00000000080030b8                AHBPrescTable
 .rodata.APBPrescTable
                0x00000000080030c8        0x8 CMakeFiles/RTOS.dir/Core/Src/system_stm32f4xx.c.obj
                0x00000000080030c8                APBPrescTable
                0x00000000080030d0                . = ALIGN (0x4)

.ARM.extab      0x00000000080030d0        0x0
                0x00000000080030d0                . = ALIGN (0x4)
 *(.ARM.extab* .gnu.linkonce.armextab.*)
                0x00000000080030d0                . = ALIGN (0x4)

.ARM            0x00000000080030d0        0x8
                0x00000000080030d0                . = ALIGN (0x4)
                0x00000000080030d0                __exidx_start = .
 *(.ARM.exidx*)
 .ARM.exidx     0x00000000080030d0        0x8 /home/hanes/ISO-I/gcc-arm-none-eabi/bin/../lib/gcc/arm-none-eabi/10.3.1/thumb/v7e-m+fp/hard/libgcc.a(_udivmoddi4.o)
                0x00000000080030d8                __exidx_end = .
                0x00000000080030d8                . = ALIGN (0x4)

.rel.dyn        0x00000000080030d8        0x0
 .rel.iplt      0x00000000080030d8        0x0 /home/hanes/ISO-I/gcc-arm-none-eabi/bin/../lib/gcc/arm-none-eabi/10.3.1/thumb/v7e-m+fp/hard/crtbegin.o

.preinit_array  0x00000000080030d8        0x0
                0x00000000080030d8                . = ALIGN (0x4)
                0x00000000080030d8                PROVIDE (__preinit_array_start = .)
 *(.preinit_array*)
                0x00000000080030d8                PROVIDE (__preinit_array_end = .)
                0x00000000080030d8                . = ALIGN (0x4)

.init_array     0x00000000080030d8        0x4
                0x00000000080030d8                . = ALIGN (0x4)
                0x00000000080030d8                PROVIDE (__init_array_start = .)
 *(SORT_BY_NAME(.init_array.*))
 *(.init_array*)
 .init_array    0x00000000080030d8        0x4 /home/hanes/ISO-I/gcc-arm-none-eabi/bin/../lib/gcc/arm-none-eabi/10.3.1/thumb/v7e-m+fp/hard/crtbegin.o
                0x00000000080030dc                PROVIDE (__init_array_end = .)
                0x00000000080030dc                . = ALIGN (0x4)

.fini_array     0x00000000080030dc        0x4
                0x00000000080030dc                . = ALIGN (0x4)
                [!provide]                        PROVIDE (__fini_array_start = .)
 *(SORT_BY_NAME(.fini_array.*))
 *(.fini_array*)
 .fini_array    0x00000000080030dc        0x4 /home/hanes/ISO-I/gcc-arm-none-eabi/bin/../lib/gcc/arm-none-eabi/10.3.1/thumb/v7e-m+fp/hard/crtbegin.o
                [!provide]                        PROVIDE (__fini_array_end = .)
                0x00000000080030e0                . = ALIGN (0x4)
                0x00000000080030e0                _sidata = LOADADDR (.data)

.data           0x0000000020000000        0xc load address 0x00000000080030e0
                0x0000000020000000                . = ALIGN (0x4)
                0x0000000020000000                _sdata = .
 *(.data)
 *(.data*)
 .data.uwTickPrio
                0x0000000020000000        0x4 CMakeFiles/RTOS.dir/Drivers/STM32F4xx_HAL_Driver/Src/stm32f4xx_hal.c.obj
                0x0000000020000000                uwTickPrio
 .data.uwTickFreq
                0x0000000020000004        0x1 CMakeFiles/RTOS.dir/Drivers/STM32F4xx_HAL_Driver/Src/stm32f4xx_hal.c.obj
                0x0000000020000004                uwTickFreq
 *fill*         0x0000000020000005        0x3 
 .data.SystemCoreClock
                0x0000000020000008        0x4 CMakeFiles/RTOS.dir/Core/Src/system_stm32f4xx.c.obj
                0x0000000020000008                SystemCoreClock
 *(.RamFunc)
 *(.RamFunc*)
                0x000000002000000c                . = ALIGN (0x4)
                0x000000002000000c                _edata = .
                0x00000000080030ec                _siccmram = LOADADDR (.ccmram)

.igot.plt       0x000000002000000c        0x0 load address 0x00000000080030ec
 .igot.plt      0x000000002000000c        0x0 /home/hanes/ISO-I/gcc-arm-none-eabi/bin/../lib/gcc/arm-none-eabi/10.3.1/thumb/v7e-m+fp/hard/crtbegin.o

.ccmram         0x0000000010000000        0x0 load address 0x00000000080030ec
                0x0000000010000000                . = ALIGN (0x4)
                0x0000000010000000                _sccmram = .
 *(.ccmram)
 *(.ccmram*)
                0x0000000010000000                . = ALIGN (0x4)
                0x0000000010000000                _eccmram = .
                0x0000000010000000                . = ALIGN (0x4)

.bss            0x000000002000000c      0x7a0
                0x000000002000000c                _sbss = .
                0x000000002000000c                __bss_start__ = _sbss
 *(.bss)
 .bss           0x000000002000000c       0x1c /home/hanes/ISO-I/gcc-arm-none-eabi/bin/../lib/gcc/arm-none-eabi/10.3.1/thumb/v7e-m+fp/hard/crtbegin.o
 *(.bss*)
 .bss.uwTick    0x0000000020000028        0x4 CMakeFiles/RTOS.dir/Drivers/STM32F4xx_HAL_Driver/Src/stm32f4xx_hal.c.obj
                0x0000000020000028                uwTick
 .bss.DMARxDscrTab
                0x000000002000002c       0xa0 CMakeFiles/RTOS.dir/Core/Src/eth.c.obj
                0x000000002000002c                DMARxDscrTab
 .bss.DMATxDscrTab
                0x00000000200000cc       0xa0 CMakeFiles/RTOS.dir/Core/Src/eth.c.obj
                0x00000000200000cc                DMATxDscrTab
 .bss.TxConfig  0x000000002000016c       0x38 CMakeFiles/RTOS.dir/Core/Src/eth.c.obj
                0x000000002000016c                TxConfig
 .bss.heth      0x00000000200001a4       0xb0 CMakeFiles/RTOS.dir/Core/Src/eth.c.obj
                0x00000000200001a4                heth
 .bss.MACAddr.0
                0x0000000020000254        0x6 CMakeFiles/RTOS.dir/Core/Src/eth.c.obj
 *fill*         0x000000002000025a        0x2 
 .bss.huart3    0x000000002000025c       0x44 CMakeFiles/RTOS.dir/Core/Src/usart.c.obj
                0x000000002000025c                huart3
 .bss.hpcd_USB_OTG_FS
                0x00000000200002a0      0x50c CMakeFiles/RTOS.dir/Core/Src/usb_otg.c.obj
                0x00000000200002a0                hpcd_USB_OTG_FS
 *(COMMON)
                0x00000000200007ac                . = ALIGN (0x4)
                0x00000000200007ac                _ebss = .
                0x00000000200007ac                __bss_end__ = _ebss

._user_heap_stack
                0x00000000200007ac      0x604
                0x00000000200007b0                . = ALIGN (0x8)
 *fill*         0x00000000200007ac        0x4 
                [!provide]                        PROVIDE (end = .)
                0x00000000200007b0                PROVIDE (_end = .)
                0x00000000200009b0                . = (. + _Min_Heap_Size)
 *fill*         0x00000000200007b0      0x200 
                0x0000000020000db0                . = (. + _Min_Stack_Size)
 *fill*         0x00000000200009b0      0x400 
                0x0000000020000db0                . = ALIGN (0x8)

/DISCARD/
 libc.a(*)
 libm.a(*)
 libgcc.a(*)

.ARM.attributes
                0x0000000000000000       0x30
 *(.ARM.attributes)
 .ARM.attributes
                0x0000000000000000       0x1e /home/hanes/ISO-I/gcc-arm-none-eabi/bin/../lib/gcc/arm-none-eabi/10.3.1/thumb/v7e-m+fp/hard/crti.o
 .ARM.attributes
                0x000000000000001e       0x34 /home/hanes/ISO-I/gcc-arm-none-eabi/bin/../lib/gcc/arm-none-eabi/10.3.1/thumb/v7e-m+fp/hard/crtbegin.o
 .ARM.attributes
                0x0000000000000052       0x34 /home/hanes/ISO-I/gcc-arm-none-eabi/bin/../lib/gcc/arm-none-eabi/10.3.1/../../../../arm-none-eabi/lib/thumb/v7e-m+fp/hard/libc_nano.a(lib_a-init.o)
 .ARM.attributes
                0x0000000000000086       0x34 /home/hanes/ISO-I/gcc-arm-none-eabi/bin/../lib/gcc/arm-none-eabi/10.3.1/../../../../arm-none-eabi/lib/thumb/v7e-m+fp/hard/libc_nano.a(lib_a-memset.o)
 .ARM.attributes
                0x00000000000000ba       0x34 CMakeFiles/RTOS.dir/Drivers/STM32F4xx_HAL_Driver/Src/stm32f4xx_hal.c.obj
 .ARM.attributes
                0x00000000000000ee       0x34 CMakeFiles/RTOS.dir/Drivers/STM32F4xx_HAL_Driver/Src/stm32f4xx_hal_cortex.c.obj
 .ARM.attributes
                0x0000000000000122       0x34 CMakeFiles/RTOS.dir/Drivers/STM32F4xx_HAL_Driver/Src/stm32f4xx_hal_eth.c.obj
 .ARM.attributes
                0x0000000000000156       0x34 CMakeFiles/RTOS.dir/Drivers/STM32F4xx_HAL_Driver/Src/stm32f4xx_hal_gpio.c.obj
 .ARM.attributes
                0x000000000000018a       0x34 CMakeFiles/RTOS.dir/Drivers/STM32F4xx_HAL_Driver/Src/stm32f4xx_hal_pcd.c.obj
 .ARM.attributes
                0x00000000000001be       0x34 CMakeFiles/RTOS.dir/Drivers/STM32F4xx_HAL_Driver/Src/stm32f4xx_hal_rcc.c.obj
 .ARM.attributes
                0x00000000000001f2       0x34 CMakeFiles/RTOS.dir/Drivers/STM32F4xx_HAL_Driver/Src/stm32f4xx_hal_uart.c.obj
 .ARM.attributes
                0x0000000000000226       0x34 CMakeFiles/RTOS.dir/Drivers/STM32F4xx_HAL_Driver/Src/stm32f4xx_ll_usb.c.obj
 .ARM.attributes
                0x000000000000025a       0x34 CMakeFiles/RTOS.dir/Core/Src/eth.c.obj
 .ARM.attributes
                0x000000000000028e       0x34 CMakeFiles/RTOS.dir/Core/Src/gpio.c.obj
 .ARM.attributes
                0x00000000000002c2       0x34 CMakeFiles/RTOS.dir/Core/Src/main.c.obj
 .ARM.attributes
                0x00000000000002f6       0x34 CMakeFiles/RTOS.dir/Core/Src/stm32f4xx_hal_msp.c.obj
 .ARM.attributes
                0x000000000000032a       0x34 CMakeFiles/RTOS.dir/Core/Src/stm32f4xx_it.c.obj
 .ARM.attributes
                0x000000000000035e       0x34 CMakeFiles/RTOS.dir/Core/Src/system_stm32f4xx.c.obj
 .ARM.attributes
                0x0000000000000392       0x34 CMakeFiles/RTOS.dir/Core/Src/usart.c.obj
 .ARM.attributes
                0x00000000000003c6       0x34 CMakeFiles/RTOS.dir/Core/Src/usb_otg.c.obj
 .ARM.attributes
                0x00000000000003fa       0x21 CMakeFiles/RTOS.dir/Core/Startup/startup_stm32f429zitx.s.obj
 .ARM.attributes
                0x000000000000041b       0x1e /home/hanes/ISO-I/gcc-arm-none-eabi/bin/../lib/gcc/arm-none-eabi/10.3.1/thumb/v7e-m+fp/hard/libgcc.a(_aeabi_uldivmod.o)
 .ARM.attributes
                0x0000000000000439       0x34 /home/hanes/ISO-I/gcc-arm-none-eabi/bin/../lib/gcc/arm-none-eabi/10.3.1/thumb/v7e-m+fp/hard/libgcc.a(_udivmoddi4.o)
 .ARM.attributes
                0x000000000000046d       0x1e /home/hanes/ISO-I/gcc-arm-none-eabi/bin/../lib/gcc/arm-none-eabi/10.3.1/thumb/v7e-m+fp/hard/libgcc.a(_dvmd_tls.o)
 .ARM.attributes
                0x000000000000048b       0x1e /home/hanes/ISO-I/gcc-arm-none-eabi/bin/../lib/gcc/arm-none-eabi/10.3.1/thumb/v7e-m+fp/hard/crtn.o
OUTPUT(RTOS.elf elf32-littlearm)
LOAD linker stubs
LOAD /home/hanes/ISO-I/gcc-arm-none-eabi/bin/../lib/gcc/arm-none-eabi/10.3.1/../../../../arm-none-eabi/lib/thumb/v7e-m+fp/hard/libc.a
LOAD /home/hanes/ISO-I/gcc-arm-none-eabi/bin/../lib/gcc/arm-none-eabi/10.3.1/../../../../arm-none-eabi/lib/thumb/v7e-m+fp/hard/libm.a
LOAD /home/hanes/ISO-I/gcc-arm-none-eabi/bin/../lib/gcc/arm-none-eabi/10.3.1/thumb/v7e-m+fp/hard/libgcc.a

.debug_frame    0x0000000000000000     0x2f04
 .debug_frame   0x0000000000000000       0x2c /home/hanes/ISO-I/gcc-arm-none-eabi/bin/../lib/gcc/arm-none-eabi/10.3.1/../../../../arm-none-eabi/lib/thumb/v7e-m+fp/hard/libc_nano.a(lib_a-init.o)
 .debug_frame   0x000000000000002c       0x20 /home/hanes/ISO-I/gcc-arm-none-eabi/bin/../lib/gcc/arm-none-eabi/10.3.1/../../../../arm-none-eabi/lib/thumb/v7e-m+fp/hard/libc_nano.a(lib_a-memset.o)
 .debug_frame   0x000000000000004c      0x3b4 CMakeFiles/RTOS.dir/Drivers/STM32F4xx_HAL_Driver/Src/stm32f4xx_hal.c.obj
 .debug_frame   0x0000000000000400      0x498 CMakeFiles/RTOS.dir/Drivers/STM32F4xx_HAL_Driver/Src/stm32f4xx_hal_cortex.c.obj
 .debug_frame   0x0000000000000898      0x898 CMakeFiles/RTOS.dir/Drivers/STM32F4xx_HAL_Driver/Src/stm32f4xx_hal_eth.c.obj
 .debug_frame   0x0000000000001130      0x14c CMakeFiles/RTOS.dir/Drivers/STM32F4xx_HAL_Driver/Src/stm32f4xx_hal_gpio.c.obj
 .debug_frame   0x000000000000127c      0x5bc CMakeFiles/RTOS.dir/Drivers/STM32F4xx_HAL_Driver/Src/stm32f4xx_hal_pcd.c.obj
 .debug_frame   0x0000000000001838      0x1f4 CMakeFiles/RTOS.dir/Drivers/STM32F4xx_HAL_Driver/Src/stm32f4xx_hal_rcc.c.obj
 .debug_frame   0x0000000000001a2c      0x92c CMakeFiles/RTOS.dir/Drivers/STM32F4xx_HAL_Driver/Src/stm32f4xx_hal_uart.c.obj
 .debug_frame   0x0000000000002358      0x7c0 CMakeFiles/RTOS.dir/Drivers/STM32F4xx_HAL_Driver/Src/stm32f4xx_ll_usb.c.obj
 .debug_frame   0x0000000000002b18       0x74 CMakeFiles/RTOS.dir/Core/Src/eth.c.obj
 .debug_frame   0x0000000000002b8c       0x34 CMakeFiles/RTOS.dir/Core/Src/gpio.c.obj
 .debug_frame   0x0000000000002bc0       0x68 CMakeFiles/RTOS.dir/Core/Src/main.c.obj
 .debug_frame   0x0000000000002c28       0x38 CMakeFiles/RTOS.dir/Core/Src/stm32f4xx_hal_msp.c.obj
 .debug_frame   0x0000000000002c60      0x104 CMakeFiles/RTOS.dir/Core/Src/stm32f4xx_it.c.obj
 .debug_frame   0x0000000000002d64       0x58 CMakeFiles/RTOS.dir/Core/Src/system_stm32f4xx.c.obj
 .debug_frame   0x0000000000002dbc       0x74 CMakeFiles/RTOS.dir/Core/Src/usart.c.obj
 .debug_frame   0x0000000000002e30       0x74 CMakeFiles/RTOS.dir/Core/Src/usb_otg.c.obj
 .debug_frame   0x0000000000002ea4       0x2c /home/hanes/ISO-I/gcc-arm-none-eabi/bin/../lib/gcc/arm-none-eabi/10.3.1/thumb/v7e-m+fp/hard/libgcc.a(_aeabi_uldivmod.o)
 .debug_frame   0x0000000000002ed0       0x34 /home/hanes/ISO-I/gcc-arm-none-eabi/bin/../lib/gcc/arm-none-eabi/10.3.1/thumb/v7e-m+fp/hard/libgcc.a(_udivmoddi4.o)

.debug_info     0x0000000000000000     0xddd7
 .debug_info    0x0000000000000000      0x9a1 CMakeFiles/RTOS.dir/Drivers/STM32F4xx_HAL_Driver/Src/stm32f4xx_hal.c.obj
 .debug_info    0x00000000000009a1      0xe51 CMakeFiles/RTOS.dir/Drivers/STM32F4xx_HAL_Driver/Src/stm32f4xx_hal_cortex.c.obj
 .debug_info    0x00000000000017f2     0x2210 CMakeFiles/RTOS.dir/Drivers/STM32F4xx_HAL_Driver/Src/stm32f4xx_hal_eth.c.obj
 .debug_info    0x0000000000003a02      0x786 CMakeFiles/RTOS.dir/Drivers/STM32F4xx_HAL_Driver/Src/stm32f4xx_hal_gpio.c.obj
 .debug_info    0x0000000000004188     0x12f7 CMakeFiles/RTOS.dir/Drivers/STM32F4xx_HAL_Driver/Src/stm32f4xx_hal_pcd.c.obj
 .debug_info    0x000000000000547f      0x93d CMakeFiles/RTOS.dir/Drivers/STM32F4xx_HAL_Driver/Src/stm32f4xx_hal_rcc.c.obj
 .debug_info    0x0000000000005dbc     0x312b CMakeFiles/RTOS.dir/Drivers/STM32F4xx_HAL_Driver/Src/stm32f4xx_hal_uart.c.obj
 .debug_info    0x0000000000008ee7     0x1a85 CMakeFiles/RTOS.dir/Drivers/STM32F4xx_HAL_Driver/Src/stm32f4xx_ll_usb.c.obj
 .debug_info    0x000000000000a96c      0xf40 CMakeFiles/RTOS.dir/Core/Src/eth.c.obj
 .debug_info    0x000000000000b8ac      0x47c CMakeFiles/RTOS.dir/Core/Src/gpio.c.obj
 .debug_info    0x000000000000bd28      0x4cd CMakeFiles/RTOS.dir/Core/Src/main.c.obj
 .debug_info    0x000000000000c1f5      0x2c4 CMakeFiles/RTOS.dir/Core/Src/stm32f4xx_hal_msp.c.obj
 .debug_info    0x000000000000c4b9      0x119 CMakeFiles/RTOS.dir/Core/Src/stm32f4xx_it.c.obj
 .debug_info    0x000000000000c5d2      0x53f CMakeFiles/RTOS.dir/Core/Src/system_stm32f4xx.c.obj
 .debug_info    0x000000000000cb11      0x957 CMakeFiles/RTOS.dir/Core/Src/usart.c.obj
 .debug_info    0x000000000000d468      0x94d CMakeFiles/RTOS.dir/Core/Src/usb_otg.c.obj
 .debug_info    0x000000000000ddb5       0x22 CMakeFiles/RTOS.dir/Core/Startup/startup_stm32f429zitx.s.obj

.debug_abbrev   0x0000000000000000     0x1d93
 .debug_abbrev  0x0000000000000000      0x1da CMakeFiles/RTOS.dir/Drivers/STM32F4xx_HAL_Driver/Src/stm32f4xx_hal.c.obj
 .debug_abbrev  0x00000000000001da      0x316 CMakeFiles/RTOS.dir/Drivers/STM32F4xx_HAL_Driver/Src/stm32f4xx_hal_cortex.c.obj
 .debug_abbrev  0x00000000000004f0      0x294 CMakeFiles/RTOS.dir/Drivers/STM32F4xx_HAL_Driver/Src/stm32f4xx_hal_eth.c.obj
 .debug_abbrev  0x0000000000000784      0x1c4 CMakeFiles/RTOS.dir/Drivers/STM32F4xx_HAL_Driver/Src/stm32f4xx_hal_gpio.c.obj
 .debug_abbrev  0x0000000000000948      0x273 CMakeFiles/RTOS.dir/Drivers/STM32F4xx_HAL_Driver/Src/stm32f4xx_hal_pcd.c.obj
 .debug_abbrev  0x0000000000000bbb      0x262 CMakeFiles/RTOS.dir/Drivers/STM32F4xx_HAL_Driver/Src/stm32f4xx_hal_rcc.c.obj
 .debug_abbrev  0x0000000000000e1d      0x2b3 CMakeFiles/RTOS.dir/Drivers/STM32F4xx_HAL_Driver/Src/stm32f4xx_hal_uart.c.obj
 .debug_abbrev  0x00000000000010d0      0x27a CMakeFiles/RTOS.dir/Drivers/STM32F4xx_HAL_Driver/Src/stm32f4xx_ll_usb.c.obj
 .debug_abbrev  0x000000000000134a      0x1e6 CMakeFiles/RTOS.dir/Core/Src/eth.c.obj
 .debug_abbrev  0x0000000000001530      0x121 CMakeFiles/RTOS.dir/Core/Src/gpio.c.obj
 .debug_abbrev  0x0000000000001651      0x17d CMakeFiles/RTOS.dir/Core/Src/main.c.obj
 .debug_abbrev  0x00000000000017ce       0xd4 CMakeFiles/RTOS.dir/Core/Src/stm32f4xx_hal_msp.c.obj
 .debug_abbrev  0x00000000000018a2       0x61 CMakeFiles/RTOS.dir/Core/Src/stm32f4xx_it.c.obj
 .debug_abbrev  0x0000000000001903      0x116 CMakeFiles/RTOS.dir/Core/Src/system_stm32f4xx.c.obj
 .debug_abbrev  0x0000000000001a19      0x1a8 CMakeFiles/RTOS.dir/Core/Src/usart.c.obj
 .debug_abbrev  0x0000000000001bc1      0x1c0 CMakeFiles/RTOS.dir/Core/Src/usb_otg.c.obj
 .debug_abbrev  0x0000000000001d81       0x12 CMakeFiles/RTOS.dir/Core/Startup/startup_stm32f429zitx.s.obj

.debug_aranges  0x0000000000000000      0xb70
 .debug_aranges
                0x0000000000000000      0x100 CMakeFiles/RTOS.dir/Drivers/STM32F4xx_HAL_Driver/Src/stm32f4xx_hal.c.obj
 .debug_aranges
                0x0000000000000100      0x118 CMakeFiles/RTOS.dir/Drivers/STM32F4xx_HAL_Driver/Src/stm32f4xx_hal_cortex.c.obj
 .debug_aranges
                0x0000000000000218      0x1e0 CMakeFiles/RTOS.dir/Drivers/STM32F4xx_HAL_Driver/Src/stm32f4xx_hal_eth.c.obj
 .debug_aranges
                0x00000000000003f8       0x58 CMakeFiles/RTOS.dir/Drivers/STM32F4xx_HAL_Driver/Src/stm32f4xx_hal_gpio.c.obj
 .debug_aranges
                0x0000000000000450      0x148 CMakeFiles/RTOS.dir/Drivers/STM32F4xx_HAL_Driver/Src/stm32f4xx_hal_pcd.c.obj
 .debug_aranges
                0x0000000000000598       0x88 CMakeFiles/RTOS.dir/Drivers/STM32F4xx_HAL_Driver/Src/stm32f4xx_hal_rcc.c.obj
 .debug_aranges
                0x0000000000000620      0x200 CMakeFiles/RTOS.dir/Drivers/STM32F4xx_HAL_Driver/Src/stm32f4xx_hal_uart.c.obj
 .debug_aranges
                0x0000000000000820      0x1a0 CMakeFiles/RTOS.dir/Drivers/STM32F4xx_HAL_Driver/Src/stm32f4xx_ll_usb.c.obj
 .debug_aranges
                0x00000000000009c0       0x30 CMakeFiles/RTOS.dir/Core/Src/eth.c.obj
 .debug_aranges
                0x00000000000009f0       0x20 CMakeFiles/RTOS.dir/Core/Src/gpio.c.obj
 .debug_aranges
                0x0000000000000a10       0x30 CMakeFiles/RTOS.dir/Core/Src/main.c.obj
 .debug_aranges
                0x0000000000000a40       0x20 CMakeFiles/RTOS.dir/Core/Src/stm32f4xx_hal_msp.c.obj
 .debug_aranges
                0x0000000000000a60       0x60 CMakeFiles/RTOS.dir/Core/Src/stm32f4xx_it.c.obj
 .debug_aranges
                0x0000000000000ac0       0x28 CMakeFiles/RTOS.dir/Core/Src/system_stm32f4xx.c.obj
 .debug_aranges
                0x0000000000000ae8       0x30 CMakeFiles/RTOS.dir/Core/Src/usart.c.obj
 .debug_aranges
                0x0000000000000b18       0x30 CMakeFiles/RTOS.dir/Core/Src/usb_otg.c.obj
 .debug_aranges
                0x0000000000000b48       0x28 CMakeFiles/RTOS.dir/Core/Startup/startup_stm32f429zitx.s.obj

.debug_ranges   0x0000000000000000      0xa98
 .debug_ranges  0x0000000000000000       0xf0 CMakeFiles/RTOS.dir/Drivers/STM32F4xx_HAL_Driver/Src/stm32f4xx_hal.c.obj
 .debug_ranges  0x00000000000000f0      0x108 CMakeFiles/RTOS.dir/Drivers/STM32F4xx_HAL_Driver/Src/stm32f4xx_hal_cortex.c.obj
 .debug_ranges  0x00000000000001f8      0x1d0 CMakeFiles/RTOS.dir/Drivers/STM32F4xx_HAL_Driver/Src/stm32f4xx_hal_eth.c.obj
 .debug_ranges  0x00000000000003c8       0x48 CMakeFiles/RTOS.dir/Drivers/STM32F4xx_HAL_Driver/Src/stm32f4xx_hal_gpio.c.obj
 .debug_ranges  0x0000000000000410      0x138 CMakeFiles/RTOS.dir/Drivers/STM32F4xx_HAL_Driver/Src/stm32f4xx_hal_pcd.c.obj
 .debug_ranges  0x0000000000000548       0x78 CMakeFiles/RTOS.dir/Drivers/STM32F4xx_HAL_Driver/Src/stm32f4xx_hal_rcc.c.obj
 .debug_ranges  0x00000000000005c0      0x220 CMakeFiles/RTOS.dir/Drivers/STM32F4xx_HAL_Driver/Src/stm32f4xx_hal_uart.c.obj
 .debug_ranges  0x00000000000007e0      0x190 CMakeFiles/RTOS.dir/Drivers/STM32F4xx_HAL_Driver/Src/stm32f4xx_ll_usb.c.obj
 .debug_ranges  0x0000000000000970       0x20 CMakeFiles/RTOS.dir/Core/Src/eth.c.obj
 .debug_ranges  0x0000000000000990       0x10 CMakeFiles/RTOS.dir/Core/Src/gpio.c.obj
 .debug_ranges  0x00000000000009a0       0x20 CMakeFiles/RTOS.dir/Core/Src/main.c.obj
 .debug_ranges  0x00000000000009c0       0x10 CMakeFiles/RTOS.dir/Core/Src/stm32f4xx_hal_msp.c.obj
 .debug_ranges  0x00000000000009d0       0x50 CMakeFiles/RTOS.dir/Core/Src/stm32f4xx_it.c.obj
 .debug_ranges  0x0000000000000a20       0x18 CMakeFiles/RTOS.dir/Core/Src/system_stm32f4xx.c.obj
 .debug_ranges  0x0000000000000a38       0x20 CMakeFiles/RTOS.dir/Core/Src/usart.c.obj
 .debug_ranges  0x0000000000000a58       0x20 CMakeFiles/RTOS.dir/Core/Src/usb_otg.c.obj
 .debug_ranges  0x0000000000000a78       0x20 CMakeFiles/RTOS.dir/Core/Startup/startup_stm32f429zitx.s.obj

.debug_macro    0x0000000000000000    0x2433e
 .debug_macro   0x0000000000000000      0x248 CMakeFiles/RTOS.dir/Drivers/STM32F4xx_HAL_Driver/Src/stm32f4xx_hal.c.obj
 .debug_macro   0x0000000000000248      0xa72 CMakeFiles/RTOS.dir/Drivers/STM32F4xx_HAL_Driver/Src/stm32f4xx_hal.c.obj
 .debug_macro   0x0000000000000cba      0x2af CMakeFiles/RTOS.dir/Drivers/STM32F4xx_HAL_Driver/Src/stm32f4xx_hal.c.obj
 .debug_macro   0x0000000000000f69       0x2e CMakeFiles/RTOS.dir/Drivers/STM32F4xx_HAL_Driver/Src/stm32f4xx_hal.c.obj
 .debug_macro   0x0000000000000f97       0x28 CMakeFiles/RTOS.dir/Drivers/STM32F4xx_HAL_Driver/Src/stm32f4xx_hal.c.obj
 .debug_macro   0x0000000000000fbf       0x22 CMakeFiles/RTOS.dir/Drivers/STM32F4xx_HAL_Driver/Src/stm32f4xx_hal.c.obj
 .debug_macro   0x0000000000000fe1       0x8e CMakeFiles/RTOS.dir/Drivers/STM32F4xx_HAL_Driver/Src/stm32f4xx_hal.c.obj
 .debug_macro   0x000000000000106f       0x51 CMakeFiles/RTOS.dir/Drivers/STM32F4xx_HAL_Driver/Src/stm32f4xx_hal.c.obj
 .debug_macro   0x00000000000010c0      0x103 CMakeFiles/RTOS.dir/Drivers/STM32F4xx_HAL_Driver/Src/stm32f4xx_hal.c.obj
 .debug_macro   0x00000000000011c3       0x6a CMakeFiles/RTOS.dir/Drivers/STM32F4xx_HAL_Driver/Src/stm32f4xx_hal.c.obj
 .debug_macro   0x000000000000122d      0x1df CMakeFiles/RTOS.dir/Drivers/STM32F4xx_HAL_Driver/Src/stm32f4xx_hal.c.obj
 .debug_macro   0x000000000000140c       0x1c CMakeFiles/RTOS.dir/Drivers/STM32F4xx_HAL_Driver/Src/stm32f4xx_hal.c.obj
 .debug_macro   0x0000000000001428       0x22 CMakeFiles/RTOS.dir/Drivers/STM32F4xx_HAL_Driver/Src/stm32f4xx_hal.c.obj
 .debug_macro   0x000000000000144a       0xd9 CMakeFiles/RTOS.dir/Drivers/STM32F4xx_HAL_Driver/Src/stm32f4xx_hal.c.obj
 .debug_macro   0x0000000000001523     0x102d CMakeFiles/RTOS.dir/Drivers/STM32F4xx_HAL_Driver/Src/stm32f4xx_hal.c.obj
 .debug_macro   0x0000000000002550      0x11f CMakeFiles/RTOS.dir/Drivers/STM32F4xx_HAL_Driver/Src/stm32f4xx_hal.c.obj
 .debug_macro   0x000000000000266f    0x17fc0 CMakeFiles/RTOS.dir/Drivers/STM32F4xx_HAL_Driver/Src/stm32f4xx_hal.c.obj
 .debug_macro   0x000000000001a62f       0x6d CMakeFiles/RTOS.dir/Drivers/STM32F4xx_HAL_Driver/Src/stm32f4xx_hal.c.obj
 .debug_macro   0x000000000001a69c     0x36f5 CMakeFiles/RTOS.dir/Drivers/STM32F4xx_HAL_Driver/Src/stm32f4xx_hal.c.obj
 .debug_macro   0x000000000001dd91      0x174 CMakeFiles/RTOS.dir/Drivers/STM32F4xx_HAL_Driver/Src/stm32f4xx_hal.c.obj
 .debug_macro   0x000000000001df05       0x5c CMakeFiles/RTOS.dir/Drivers/STM32F4xx_HAL_Driver/Src/stm32f4xx_hal.c.obj
 .debug_macro   0x000000000001df61      0xca5 CMakeFiles/RTOS.dir/Drivers/STM32F4xx_HAL_Driver/Src/stm32f4xx_hal.c.obj
 .debug_macro   0x000000000001ec06      0x9fe CMakeFiles/RTOS.dir/Drivers/STM32F4xx_HAL_Driver/Src/stm32f4xx_hal.c.obj
 .debug_macro   0x000000000001f604      0x115 CMakeFiles/RTOS.dir/Drivers/STM32F4xx_HAL_Driver/Src/stm32f4xx_hal.c.obj
 .debug_macro   0x000000000001f719      0x156 CMakeFiles/RTOS.dir/Drivers/STM32F4xx_HAL_Driver/Src/stm32f4xx_hal.c.obj
 .debug_macro   0x000000000001f86f       0xa5 CMakeFiles/RTOS.dir/Drivers/STM32F4xx_HAL_Driver/Src/stm32f4xx_hal.c.obj
 .debug_macro   0x000000000001f914      0x182 CMakeFiles/RTOS.dir/Drivers/STM32F4xx_HAL_Driver/Src/stm32f4xx_hal.c.obj
 .debug_macro   0x000000000001fa96      0x287 CMakeFiles/RTOS.dir/Drivers/STM32F4xx_HAL_Driver/Src/stm32f4xx_hal.c.obj
 .debug_macro   0x000000000001fd1d       0x5f CMakeFiles/RTOS.dir/Drivers/STM32F4xx_HAL_Driver/Src/stm32f4xx_hal.c.obj
 .debug_macro   0x000000000001fd7c      0x236 CMakeFiles/RTOS.dir/Drivers/STM32F4xx_HAL_Driver/Src/stm32f4xx_hal.c.obj
 .debug_macro   0x000000000001ffb2      0xd44 CMakeFiles/RTOS.dir/Drivers/STM32F4xx_HAL_Driver/Src/stm32f4xx_hal.c.obj
 .debug_macro   0x0000000000020cf6      0x132 CMakeFiles/RTOS.dir/Drivers/STM32F4xx_HAL_Driver/Src/stm32f4xx_hal.c.obj
 .debug_macro   0x0000000000020e28      0x41d CMakeFiles/RTOS.dir/Drivers/STM32F4xx_HAL_Driver/Src/stm32f4xx_hal.c.obj
 .debug_macro   0x0000000000021245       0x2e CMakeFiles/RTOS.dir/Drivers/STM32F4xx_HAL_Driver/Src/stm32f4xx_hal.c.obj
 .debug_macro   0x0000000000021273      0x11a CMakeFiles/RTOS.dir/Drivers/STM32F4xx_HAL_Driver/Src/stm32f4xx_hal.c.obj
 .debug_macro   0x000000000002138d       0xe2 CMakeFiles/RTOS.dir/Drivers/STM32F4xx_HAL_Driver/Src/stm32f4xx_hal.c.obj
 .debug_macro   0x000000000002146f       0x89 CMakeFiles/RTOS.dir/Drivers/STM32F4xx_HAL_Driver/Src/stm32f4xx_hal.c.obj
 .debug_macro   0x00000000000214f8      0x295 CMakeFiles/RTOS.dir/Drivers/STM32F4xx_HAL_Driver/Src/stm32f4xx_hal.c.obj
 .debug_macro   0x000000000002178d      0x248 CMakeFiles/RTOS.dir/Drivers/STM32F4xx_HAL_Driver/Src/stm32f4xx_hal.c.obj
 .debug_macro   0x00000000000219d5       0xba CMakeFiles/RTOS.dir/Drivers/STM32F4xx_HAL_Driver/Src/stm32f4xx_hal.c.obj
 .debug_macro   0x0000000000021a8f      0x134 CMakeFiles/RTOS.dir/Drivers/STM32F4xx_HAL_Driver/Src/stm32f4xx_hal.c.obj
 .debug_macro   0x0000000000021bc3      0x1e8 CMakeFiles/RTOS.dir/Drivers/STM32F4xx_HAL_Driver/Src/stm32f4xx_hal_cortex.c.obj
 .debug_macro   0x0000000000021dab      0x2c2 CMakeFiles/RTOS.dir/Drivers/STM32F4xx_HAL_Driver/Src/stm32f4xx_hal_eth.c.obj
 .debug_macro   0x000000000002206d      0x1ee CMakeFiles/RTOS.dir/Drivers/STM32F4xx_HAL_Driver/Src/stm32f4xx_hal_gpio.c.obj
 .debug_macro   0x000000000002225b      0x1f4 CMakeFiles/RTOS.dir/Drivers/STM32F4xx_HAL_Driver/Src/stm32f4xx_hal_pcd.c.obj
 .debug_macro   0x000000000002244f      0x20c CMakeFiles/RTOS.dir/Drivers/STM32F4xx_HAL_Driver/Src/stm32f4xx_hal_rcc.c.obj
 .debug_macro   0x000000000002265b      0x1e9 CMakeFiles/RTOS.dir/Drivers/STM32F4xx_HAL_Driver/Src/stm32f4xx_hal_uart.c.obj
 .debug_macro   0x0000000000022844      0x1e8 CMakeFiles/RTOS.dir/Drivers/STM32F4xx_HAL_Driver/Src/stm32f4xx_ll_usb.c.obj
 .debug_macro   0x0000000000022a2c      0x2ca CMakeFiles/RTOS.dir/Core/Src/eth.c.obj
 .debug_macro   0x0000000000022cf6      0x130 CMakeFiles/RTOS.dir/Core/Src/eth.c.obj
 .debug_macro   0x0000000000022e26       0x52 CMakeFiles/RTOS.dir/Core/Src/eth.c.obj
 .debug_macro   0x0000000000022e78       0x1e CMakeFiles/RTOS.dir/Core/Src/eth.c.obj
 .debug_macro   0x0000000000022e96       0x3c CMakeFiles/RTOS.dir/Core/Src/eth.c.obj
 .debug_macro   0x0000000000022ed2       0x34 CMakeFiles/RTOS.dir/Core/Src/eth.c.obj
 .debug_macro   0x0000000000022f06       0x16 CMakeFiles/RTOS.dir/Core/Src/eth.c.obj
 .debug_macro   0x0000000000022f1c       0x43 CMakeFiles/RTOS.dir/Core/Src/eth.c.obj
 .debug_macro   0x0000000000022f5f       0x34 CMakeFiles/RTOS.dir/Core/Src/eth.c.obj
 .debug_macro   0x0000000000022f93       0x10 CMakeFiles/RTOS.dir/Core/Src/eth.c.obj
 .debug_macro   0x0000000000022fa3       0x58 CMakeFiles/RTOS.dir/Core/Src/eth.c.obj
 .debug_macro   0x0000000000022ffb       0x71 CMakeFiles/RTOS.dir/Core/Src/eth.c.obj
 .debug_macro   0x000000000002306c       0x1c CMakeFiles/RTOS.dir/Core/Src/eth.c.obj
 .debug_macro   0x0000000000023088      0x12a CMakeFiles/RTOS.dir/Core/Src/eth.c.obj
 .debug_macro   0x00000000000231b2      0x341 CMakeFiles/RTOS.dir/Core/Src/eth.c.obj
 .debug_macro   0x00000000000234f3       0x10 CMakeFiles/RTOS.dir/Core/Src/eth.c.obj
 .debug_macro   0x0000000000023503       0x35 CMakeFiles/RTOS.dir/Core/Src/eth.c.obj
 .debug_macro   0x0000000000023538      0x201 CMakeFiles/RTOS.dir/Core/Src/gpio.c.obj
 .debug_macro   0x0000000000023739      0x223 CMakeFiles/RTOS.dir/Core/Src/main.c.obj
 .debug_macro   0x000000000002395c      0x1f7 CMakeFiles/RTOS.dir/Core/Src/stm32f4xx_hal_msp.c.obj
 .debug_macro   0x0000000000023b53      0x201 CMakeFiles/RTOS.dir/Core/Src/stm32f4xx_it.c.obj
 .debug_macro   0x0000000000023d54      0x1e8 CMakeFiles/RTOS.dir/Core/Src/system_stm32f4xx.c.obj
 .debug_macro   0x0000000000023f3c      0x201 CMakeFiles/RTOS.dir/Core/Src/usart.c.obj
 .debug_macro   0x000000000002413d      0x201 CMakeFiles/RTOS.dir/Core/Src/usb_otg.c.obj

.debug_line     0x0000000000000000     0xcd2f
 .debug_line    0x0000000000000000      0x8f2 CMakeFiles/RTOS.dir/Drivers/STM32F4xx_HAL_Driver/Src/stm32f4xx_hal.c.obj
 .debug_line    0x00000000000008f2      0xb6b CMakeFiles/RTOS.dir/Drivers/STM32F4xx_HAL_Driver/Src/stm32f4xx_hal_cortex.c.obj
 .debug_line    0x000000000000145d     0x182d CMakeFiles/RTOS.dir/Drivers/STM32F4xx_HAL_Driver/Src/stm32f4xx_hal_eth.c.obj
 .debug_line    0x0000000000002c8a      0xa58 CMakeFiles/RTOS.dir/Drivers/STM32F4xx_HAL_Driver/Src/stm32f4xx_hal_gpio.c.obj
 .debug_line    0x00000000000036e2     0x135f CMakeFiles/RTOS.dir/Drivers/STM32F4xx_HAL_Driver/Src/stm32f4xx_hal_pcd.c.obj
 .debug_line    0x0000000000004a41      0xc38 CMakeFiles/RTOS.dir/Drivers/STM32F4xx_HAL_Driver/Src/stm32f4xx_hal_rcc.c.obj
 .debug_line    0x0000000000005679     0x2961 CMakeFiles/RTOS.dir/Drivers/STM32F4xx_HAL_Driver/Src/stm32f4xx_hal_uart.c.obj
 .debug_line    0x0000000000007fda     0x1979 CMakeFiles/RTOS.dir/Drivers/STM32F4xx_HAL_Driver/Src/stm32f4xx_ll_usb.c.obj
 .debug_line    0x0000000000009953      0x76e CMakeFiles/RTOS.dir/Core/Src/eth.c.obj
 .debug_line    0x000000000000a0c1      0x608 CMakeFiles/RTOS.dir/Core/Src/gpio.c.obj
 .debug_line    0x000000000000a6c9      0x670 CMakeFiles/RTOS.dir/Core/Src/main.c.obj
 .debug_line    0x000000000000ad39      0x5d4 CMakeFiles/RTOS.dir/Core/Src/stm32f4xx_hal_msp.c.obj
 .debug_line    0x000000000000b30d      0x697 CMakeFiles/RTOS.dir/Core/Src/stm32f4xx_it.c.obj
 .debug_line    0x000000000000b9a4      0x656 CMakeFiles/RTOS.dir/Core/Src/system_stm32f4xx.c.obj
 .debug_line    0x000000000000bffa      0x63e CMakeFiles/RTOS.dir/Core/Src/usart.c.obj
 .debug_line    0x000000000000c638      0x651 CMakeFiles/RTOS.dir/Core/Src/usb_otg.c.obj
 .debug_line    0x000000000000cc89       0xa6 CMakeFiles/RTOS.dir/Core/Startup/startup_stm32f429zitx.s.obj

.debug_str      0x0000000000000000    0xd951c
 .debug_str     0x0000000000000000    0xd2355 CMakeFiles/RTOS.dir/Drivers/STM32F4xx_HAL_Driver/Src/stm32f4xx_hal.c.obj
                                      0xd26c2 (size before relaxing)
 .debug_str     0x00000000000d2355      0x413 CMakeFiles/RTOS.dir/Drivers/STM32F4xx_HAL_Driver/Src/stm32f4xx_hal_cortex.c.obj
                                      0xd23f6 (size before relaxing)
 .debug_str     0x00000000000d2768     0x1800 CMakeFiles/RTOS.dir/Drivers/STM32F4xx_HAL_Driver/Src/stm32f4xx_hal_eth.c.obj
                                      0xd3351 (size before relaxing)
 .debug_str     0x00000000000d3f68      0x1ab CMakeFiles/RTOS.dir/Drivers/STM32F4xx_HAL_Driver/Src/stm32f4xx_hal_gpio.c.obj
                                      0xd1c69 (size before relaxing)
 .debug_str     0x00000000000d4113      0x924 CMakeFiles/RTOS.dir/Drivers/STM32F4xx_HAL_Driver/Src/stm32f4xx_hal_pcd.c.obj
                                      0xd22f1 (size before relaxing)
 .debug_str     0x00000000000d4a37      0x3c9 CMakeFiles/RTOS.dir/Drivers/STM32F4xx_HAL_Driver/Src/stm32f4xx_hal_rcc.c.obj
                                      0xd1efb (size before relaxing)
 .debug_str     0x00000000000d4e00      0x9f5 CMakeFiles/RTOS.dir/Drivers/STM32F4xx_HAL_Driver/Src/stm32f4xx_hal_uart.c.obj
                                      0xd2437 (size before relaxing)
 .debug_str     0x00000000000d57f5      0x6cb CMakeFiles/RTOS.dir/Drivers/STM32F4xx_HAL_Driver/Src/stm32f4xx_ll_usb.c.obj
                                      0xd23fb (size before relaxing)
 .debug_str     0x00000000000d5ec0     0x330d CMakeFiles/RTOS.dir/Core/Src/eth.c.obj
                                      0xd5403 (size before relaxing)
 .debug_str     0x00000000000d91cd       0x4a CMakeFiles/RTOS.dir/Core/Src/gpio.c.obj
                                      0xd1f9c (size before relaxing)
 .debug_str     0x00000000000d9217       0x73 CMakeFiles/RTOS.dir/Core/Src/main.c.obj
                                      0xd209f (size before relaxing)
 .debug_str     0x00000000000d928a       0x3e CMakeFiles/RTOS.dir/Core/Src/stm32f4xx_hal_msp.c.obj
                                      0xd1eff (size before relaxing)
 .debug_str     0x00000000000d92c8       0xdb CMakeFiles/RTOS.dir/Core/Src/stm32f4xx_it.c.obj
                                      0xd1e66 (size before relaxing)
 .debug_str     0x00000000000d93a3       0x68 CMakeFiles/RTOS.dir/Core/Src/system_stm32f4xx.c.obj
                                      0xd1aee (size before relaxing)
 .debug_str     0x00000000000d940b       0x58 CMakeFiles/RTOS.dir/Core/Src/usart.c.obj
                                      0xd2413 (size before relaxing)
 .debug_str     0x00000000000d9463       0x65 CMakeFiles/RTOS.dir/Core/Src/usb_otg.c.obj
                                      0xd23ba (size before relaxing)
 .debug_str     0x00000000000d94c8       0x54 CMakeFiles/RTOS.dir/Core/Startup/startup_stm32f429zitx.s.obj
                                         0x7b (size before relaxing)

.comment        0x0000000000000000       0x49
 .comment       0x0000000000000000       0x49 CMakeFiles/RTOS.dir/Drivers/STM32F4xx_HAL_Driver/Src/stm32f4xx_hal.c.obj
                                         0x4a (size before relaxing)
 .comment       0x0000000000000049       0x4a CMakeFiles/RTOS.dir/Drivers/STM32F4xx_HAL_Driver/Src/stm32f4xx_hal_cortex.c.obj
 .comment       0x0000000000000049       0x4a CMakeFiles/RTOS.dir/Drivers/STM32F4xx_HAL_Driver/Src/stm32f4xx_hal_eth.c.obj
 .comment       0x0000000000000049       0x4a CMakeFiles/RTOS.dir/Drivers/STM32F4xx_HAL_Driver/Src/stm32f4xx_hal_gpio.c.obj
 .comment       0x0000000000000049       0x4a CMakeFiles/RTOS.dir/Drivers/STM32F4xx_HAL_Driver/Src/stm32f4xx_hal_pcd.c.obj
 .comment       0x0000000000000049       0x4a CMakeFiles/RTOS.dir/Drivers/STM32F4xx_HAL_Driver/Src/stm32f4xx_hal_rcc.c.obj
 .comment       0x0000000000000049       0x4a CMakeFiles/RTOS.dir/Drivers/STM32F4xx_HAL_Driver/Src/stm32f4xx_hal_uart.c.obj
 .comment       0x0000000000000049       0x4a CMakeFiles/RTOS.dir/Drivers/STM32F4xx_HAL_Driver/Src/stm32f4xx_ll_usb.c.obj
 .comment       0x0000000000000049       0x4a CMakeFiles/RTOS.dir/Core/Src/eth.c.obj
 .comment       0x0000000000000049       0x4a CMakeFiles/RTOS.dir/Core/Src/gpio.c.obj
 .comment       0x0000000000000049       0x4a CMakeFiles/RTOS.dir/Core/Src/main.c.obj
 .comment       0x0000000000000049       0x4a CMakeFiles/RTOS.dir/Core/Src/stm32f4xx_hal_msp.c.obj
 .comment       0x0000000000000049       0x4a CMakeFiles/RTOS.dir/Core/Src/stm32f4xx_it.c.obj
 .comment       0x0000000000000049       0x4a CMakeFiles/RTOS.dir/Core/Src/system_stm32f4xx.c.obj
 .comment       0x0000000000000049       0x4a CMakeFiles/RTOS.dir/Core/Src/usart.c.obj
 .comment       0x0000000000000049       0x4a CMakeFiles/RTOS.dir/Core/Src/usb_otg.c.obj
